Microchip MPLAB XC8 Compiler V3.00

Linker command line:

-W-3 --edf=/Applications/microchip/xc8/v3.00/pic/dat/20241204225717_en.msgs \
  -cn -h+dist/default/production/Lab3.production.sym \
  --cmf=dist/default/production/Lab3.production.cmf -z -Q16F887 \
  -o/tmp/xcxHXcYbi/driver_tmp_3.o --defsym=__MPLAB_BUILD=1 \
  --fixupoverflow=error -Mdist/default/production/Lab3.production.map \
  --md=/tmp/xcxHXcYbi/driver_tmp_0.dat -E1 -ver=XC8 Compiler \
  -ACODE=00h-07FFhx4 -ASTRCODE=00h-01FFFh -ASTRING=00h-0FFhx32 \
  -ACONST=00h-0FFhx32 -AENTRY=00h-0FFhx32 -ACOMMON=070h-07Fh \
  -ABANK0=020h-06Fh -ABANK1=0A0h-0EFh -ABANK2=0110h-016Fh \
  -ABANK3=0190h-01EFh -ARAM=020h-06Fh,0A0h-0EFh,0110h-016Fh,0190h-01EFh \
  -AABS1=020h-07Fh,0A0h-0EFh,0110h-016Fh,0190h-01EFh -ASFR0=00h-01Fh \
  -ASFR1=080h-09Fh -ASFR2=0100h-010Fh -ASFR3=0180h-018Fh \
  -ACONFIG=02007h-02008h -DCONFIG=2 -AIDLOC=02000h-02003h -DIDLOC=2 \
  -AEEDATA=00h-0FFh/02100h -peeprom_data=EEDATA -DEEDATA=2 -DCODE=2 \
  -DSTRCODE=2 -DSTRING=2 -DCONST=2 -DENTRY=2 \
  -preset_vec=00h,intentry=04h,sivt,init,end_init -ppowerup=CODE \
  -pcinit=CODE -pfunctab=ENTRY -k /tmp/xcxHXcYbi/driver_tmp_12.o \
  dist/default/production/Lab3.production.o 

Object code version is 3.11

Machine type is 16F887



                Name                               Link     Load   Length Selector   Space Scale
/tmp/xcxHXcYbi/driver_tmp_12.o
                end_init                              C        C        3        8       0
                reset_vec                             0        0        3        0       0
dist/default/production/Lab3.production.o
                cinit                                 F        F        C        8       0
                intentry                              4        4        8        8       0
                text7                               7CC      7CC       1C        8       0
                text6                               35D      35D      1CA        8       0
                text5                               7A3      7A3       29        8       0
                text4                                1B       1B      342        8       0
                text3                               72D      72D       76        8       0
                text2                               677      677       B6        8       0
                text1                               527      527      150        8       0
                maintext                            F95      F95       6B     1F2A       0
                cstackBANK0                          20       20       4B       20       1
                cstackCOMMON                         70       70        A       70       1
                cstackBANK1                          A0       A0       10       A0       1
                bssBANK1                             B4       B4        4       A0       1
                bssCOMMON                            7A       7A        2       70       1
                nvBANK1                              B0       B0        4       A0       1

TOTAL           Name                               Link     Load   Length     Space
        CLASS   CODE           
                end_init                              C        C        3         0
                cinit                                 F        F        C         0
                intentry                              4        4        8         0
                reset_vec                             0        0        3         0
                text7                               7CC      7CC       1C         0
                text6                               35D      35D      1CA         0
                text5                               7A3      7A3       29         0
                text4                                1B       1B      342         0
                text3                               72D      72D       76         0
                text2                               677      677       B6         0
                text1                               527      527      150         0
                maintext                            F95      F95       6B         0

        CLASS   STRCODE        

        CLASS   STRING         

        CLASS   CONST          

        CLASS   ENTRY          

        CLASS   COMMON         
                cstackCOMMON                         70       70        A         1
                bssCOMMON                            7A       7A        2         1

        CLASS   BANK0          
                cstackBANK0                          20       20       4B         1

        CLASS   BANK1          
                cstackBANK1                          A0       A0       10         1
                bssBANK1                             B4       B4        4         1
                nvBANK1                              B0       B0        4         1

        CLASS   BANK2          

        CLASS   BANK3          

        CLASS   RAM            

        CLASS   ABS1           
                abs_s1                               7E       7E        2         1

        CLASS   SFR0           

        CLASS   SFR1           

        CLASS   SFR2           

        CLASS   SFR3           

        CLASS   CONFIG         

        CLASS   IDLOC          

        CLASS   EEDATA         

        CLASS   HEAP           

        CLASS   STACK          



SEGMENTS        Name                           Load    Length   Top    Selector   Space  Class     Delta

                cstackBANK1                    0000A0  000018  0000B8        A0       1  BANK1       1
                cstackBANK0                    000020  00004B  00006B        20       1  BANK0       1
                reset_vec                      000000  000003  000003         0       0  CODE        2
                maintext                       000F95  00006B  001000      1F2A       0  CODE        2
                intentry                       000004  0007E4  0007E8         8       0  CODE        2
                cstackCOMMON                   000070  00000C  00007C        70       1  COMMON      1


UNUSED ADDRESS RANGES

        Name                Unused          Largest block    Delta
        BANK0            006B-006F              5           1
        BANK1            00B8-00EF             38           1
        BANK2            0110-016F             60           1
        BANK3            0190-01EF             60           1
        CODE             0003-0003              1           2
                         07E8-0F94             18
                         1000-1FFF            800
        COMMON           007C-007D              2           1
        CONFIG           2007-2008              2           2
        CONST            0003-0003              1           2
                         07E8-0F94            100
                         1000-1FFF            100
        EEDATA           2100-21FF            100           2
        ENTRY            0003-0003              1           2
                         07E8-0F94            100
                         1000-1FFF            100
        IDLOC            2000-2003              4           2
        RAM              006B-006F              5           1
                         00B8-00EF             38
                         0110-016F             60
                         0190-01EF             60
        SFR0             0000-001F             20           1
        SFR1             0080-009F             20           1
        SFR2             0100-010F             10           1
        SFR3             0180-018F             10           1
        STRCODE          0003-0003              1           2
                         07E8-0F94            7AD
                         1000-1FFF           1000
        STRING           0003-0003              1           2
                         07E8-0F94            100
                         1000-1FFF            100

                                  Symbol Table

?__Umul8_16                 cstackCOMMON 0072
?___fldiv                   cstackBANK0  003F
?___flmul                   cstackBANK0  0025
?___fltol                   cstackBANK0  0059
?___xxtofl                  cstackCOMMON 0072
_ANSEL                      (abs)        0188
_ANSELH                     (abs)        0189
_CCP1CON                    (abs)        0017
_CCPR1L                     (abs)        0015
_DC1B0                      (abs)        00BC
_DC1B1                      (abs)        00BD
_INTCON                     (abs)        000B
_ISR                        text7        07CC
_OPTION_REG                 (abs)        0081
_PR2                        (abs)        0092
_T2CON                      (abs)        0012
_TMR0                       (abs)        0001
_TMR2ON                     (abs)        0092
_TRISC                      (abs)        0087
__H__absolute__             __absolute__ 0000
__Habs1                     abs1         0000
__Hbank0                    bank0        0000
__Hbank1                    bank1        0000
__Hbank2                    bank2        0000
__Hbank3                    bank3        0000
__HbssBANK1                 bssBANK1     0000
__HbssCOMMON                bssCOMMON    0000
__Hcinit                    cinit        001B
__Hclrtext                  clrtext      0000
__Hcode                     code         0000
__Hcommon                   common       0000
__HcstackBANK0              cstackBANK0  0000
__HcstackBANK1              cstackBANK1  0000
__HcstackCOMMON             cstackCOMMON 0000
__Heeprom_data              eeprom_data  0000
__Hend_init                 end_init     000F
__Hfunctab                  functab      0000
__Hheap                     heap         0000
__Hinit                     init         000C
__Hintentry                 intentry     000C
__Hmaintext                 maintext     0000
__HnvBANK1                  nvBANK1      0000
__Hpowerup                  powerup      0000
__Hram                      ram          0000
__Hreset_vec                reset_vec    0003
__Hsfr0                     sfr0         0000
__Hsfr1                     sfr1         0000
__Hsfr2                     sfr2         0000
__Hsfr3                     sfr3         0000
__Hsivt                     sivt         000C
__Hspace_0                  (abs)        1000
__Hspace_1                  (abs)        00B8
__Hspace_2                  (abs)        0000
__Hspace_3                  (abs)        0000
__Hstack                    stack        0000
__Hstrings                  strings      0000
__Htext                     text         0000
__L__absolute__             __absolute__ 0000
__Labs1                     abs1         0000
__Lbank0                    bank0        0000
__Lbank1                    bank1        0000
__Lbank2                    bank2        0000
__Lbank3                    bank3        0000
__LbssBANK1                 bssBANK1     0000
__LbssCOMMON                bssCOMMON    0000
__Lcinit                    cinit        000F
__Lclrtext                  clrtext      0000
__Lcode                     code         0000
__Lcommon                   common       0000
__LcstackBANK0              cstackBANK0  0000
__LcstackBANK1              cstackBANK1  0000
__LcstackCOMMON             cstackCOMMON 0000
__Leeprom_data              eeprom_data  0000
__Lend_init                 end_init     000C
__Lfunctab                  functab      0000
__Lheap                     heap         0000
__Linit                     init         000C
__Lintentry                 intentry     0004
__Lmaintext                 maintext     0000
__LnvBANK1                  nvBANK1      0000
__Lpowerup                  powerup      0000
__Lram                      ram          0000
__Lreset_vec                reset_vec    0000
__Lsfr0                     sfr0         0000
__Lsfr1                     sfr1         0000
__Lsfr2                     sfr2         0000
__Lsfr3                     sfr3         0000
__Lsivt                     sivt         000C
__Lspace_0                  (abs)        0000
__Lspace_1                  (abs)        0000
__Lspace_2                  (abs)        0000
__Lspace_3                  (abs)        0000
__Lstack                    stack        0000
__Lstrings                  strings      0000
__Ltext                     text         0000
__S0                        (abs)        1000
__S1                        (abs)        00B8
__S3                        (abs)        0000
__Umul8_16                  text5        07A3
__Umul8_16@multiplicand     cstackCOMMON 0072
__Umul8_16@multiplier       cstackBANK0  0024
__Umul8_16@product          cstackBANK0  0020
__Umul8_16@word_mpld        cstackBANK0  0022
___fldiv                    text6        035D
___fldiv@a                  cstackBANK0  003F
___fldiv@aexp               cstackBANK0  0058
___fldiv@b                  cstackBANK0  0043
___fldiv@bexp               cstackBANK0  0057
___fldiv@grs                cstackBANK0  0053
___fldiv@new_exp            cstackBANK0  0051
___fldiv@rem                cstackBANK0  004C
___fldiv@sign               cstackBANK0  0050
___flmul                    text4        001B
___flmul@a                  cstackBANK0  0029
___flmul@aexp               cstackBANK0  0033
___flmul@b                  cstackBANK0  0025
___flmul@bexp               cstackBANK0  0038
___flmul@grs                cstackBANK0  0034
___flmul@prod               cstackBANK0  0039
___flmul@sign               cstackBANK0  0032
___flmul@temp               cstackBANK0  003D
___fltol                    text3        072D
___fltol@exp1               cstackBANK0  0062
___fltol@f1                 cstackBANK0  0059
___fltol@sign1              cstackBANK0  0061
___heap_hi                  (abs)        0000
___heap_lo                  (abs)        0000
___int_sp                   stack        0000
___int_stack_hi             stack        0000
___int_stack_lo             stack        0000
___latbits                  (abs)        0002
___sp                       stack        0000
___stack_hi                 stack        0000
___stack_lo                 stack        0000
___stackhi                  (abs)        0000
___stacklo                  (abs)        0000
___xxtofl                   text2        0677
___xxtofl@arg               cstackBANK0  0022
___xxtofl@exp               cstackBANK0  0021
___xxtofl@sign              cstackBANK0  0020
___xxtofl@val               cstackCOMMON 0072
__end_of_ISR                text7        07E8
__end_of__Umul8_16          text5        07CC
__end_of___fldiv            text6        0527
__end_of___flmul            text4        035D
__end_of___fltol            text3        07A3
__end_of___xxtofl           text2        072D
__end_of__initialization    cinit        0017
__end_of_main               maintext     1000
__end_of_my_delay_ms        text1        0677
__initialization            cinit        000F
__pbssBANK1                 bssBANK1     00B4
__pbssCOMMON                bssCOMMON    007A
__pcstackBANK0              cstackBANK0  0020
__pcstackBANK1              cstackBANK1  00A0
__pcstackCOMMON             cstackCOMMON 0070
__pintentry                 intentry     0004
__pmaintext                 maintext     0F95
__pnvBANK1                  nvBANK1      00B0
__ptext1                    text1        0527
__ptext2                    text2        0677
__ptext3                    text3        072D
__ptext4                    text4        001B
__ptext5                    text5        07A3
__ptext6                    text6        035D
__ptext7                    text7        07CC
_calculated_overflow_counts nvBANK1      00B0
_main                       maintext     0F95
_my_delay_ms                text1        0527
_my_delay_ms$661            cstackBANK1  00AC
_overflow_counts            bssBANK1     00B4
_pwm_val                    bssCOMMON    007A
btemp                       (abs)        007E
end_of_initialization       cinit        0017
interrupt_function          intentry     0004
intlevel0                   functab      0000
intlevel1                   functab      0000
intlevel2                   functab      0000
intlevel3                   functab      0000
intlevel4                   functab      0000
intlevel5                   functab      0000
my_delay_ms@clk_period      cstackBANK1  00A0
my_delay_ms@m_s             cstackBANK0  0063
my_delay_ms@no_of_counts    cstackBANK1  00A8
my_delay_ms@user_period     cstackBANK1  00A4
reset_vec                   reset_vec    0000
saved_w                     (abs)        007E
start                       init         000C
start_initialization        cinit        000F
wtemp0                      (abs)        007E


MODULE INFORMATION

Module		Function		Class		Link	Load	Size
/Applications/microchip/xc8/v3.00/pic/sources/c99/common/sprcmul.c
		___flmul       		CODE           	001B	0000	834

/Applications/microchip/xc8/v3.00/pic/sources/c99/common/sprcmul.c estimated size: 834

/Applications/microchip/xc8/v3.00/pic/sources/c99/common/sprcdiv.c
		___fldiv       		CODE           	035D	0000	458

/Applications/microchip/xc8/v3.00/pic/sources/c99/common/sprcdiv.c estimated size: 458

/Applications/microchip/xc8/v3.00/pic/sources/c99/common/fltol.c
		___fltol       		CODE           	072D	0000	118

/Applications/microchip/xc8/v3.00/pic/sources/c99/common/fltol.c estimated size: 118

/Applications/microchip/xc8/v3.00/pic/sources/c99/common/xxtofl.c
		___xxtofl      		CODE           	0677	0000	182

/Applications/microchip/xc8/v3.00/pic/sources/c99/common/xxtofl.c estimated size: 182

shared
		__initialization		CODE           	000F	0000	8

shared estimated size: 8

main.c
		_ISR           		CODE           	07CC	0000	28
		_main          		CODE           	0F95	0000	107
		_my_delay_ms   		CODE           	0527	0000	336

main.c estimated size: 471

/Applications/microchip/xc8/v3.00/pic/sources/c99/common/Umul8_16.c
		__Umul8_16     		CODE           	07A3	0000	41

/Applications/microchip/xc8/v3.00/pic/sources/c99/common/Umul8_16.c estimated size: 41

