Microchip MPLAB XC8 Compiler V3.00

Linker command line:

-W-3 --edf=/Applications/microchip/xc8/v3.00/pic/dat/20241204225717_en.msgs \
  -cn -h+dist/default/production/Lab4.production.sym \
  --cmf=dist/default/production/Lab4.production.cmf -z -Q16F887 \
  -o/tmp/xcrbplAun/driver_tmp_3.o --defsym=__MPLAB_BUILD=1 \
  --fixupoverflow=error -Mdist/default/production/Lab4.production.map \
  --md=/tmp/xcrbplAun/driver_tmp_0.dat -E1 -ver=XC8 Compiler \
  -ACODE=00h-07FFhx4 -ASTRCODE=00h-01FFFh -ASTRING=00h-0FFhx32 \
  -ACONST=00h-0FFhx32 -AENTRY=00h-0FFhx32 -ACOMMON=070h-07Fh \
  -ABANK0=020h-06Fh -ABANK1=0A0h-0EFh -ABANK2=0110h-016Fh \
  -ABANK3=0190h-01EFh -ARAM=020h-06Fh,0A0h-0EFh,0110h-016Fh,0190h-01EFh \
  -AABS1=020h-07Fh,0A0h-0EFh,0110h-016Fh,0190h-01EFh -ASFR0=00h-01Fh \
  -ASFR1=080h-09Fh -ASFR2=0100h-010Fh -ASFR3=0180h-018Fh \
  -ACONFIG=02007h-02008h -DCONFIG=2 -AIDLOC=02000h-02003h -DIDLOC=2 \
  -AEEDATA=00h-0FFh/02100h -peeprom_data=EEDATA -DEEDATA=2 -DCODE=2 \
  -DSTRCODE=2 -DSTRING=2 -DCONST=2 -DENTRY=2 \
  -preset_vec=00h,intentry,sivt,init,end_init -ppowerup=CODE -pcinit=CODE \
  -pfunctab=ENTRY -k /tmp/xcrbplAun/driver_tmp_17.o \
  dist/default/production/Lab4.production.o 

Object code version is 3.11

Machine type is 16F887



                Name                               Link     Load   Length Selector   Space Scale
/tmp/xcrbplAun/driver_tmp_17.o
                end_init                              0        0        3        0       0
dist/default/production/Lab4.production.o
                cinit                               7EB      7EB       15      FD6       0
                text27                              2DF      2DF      1CA      5BE       0
                text26                              D49      D49       27     1A92       0
                text25                              4A9      4A9      342      952       0
                text24                              CFF      CFF       25     19FE       0
                text23                              EF0      EF0       76     1DE0       0
                text22                               73       73       B4       E6       0
                text21                              DF7      DF7       4D     1BEE       0
                text20                              C60      C60       19     18C0       0
                text19                               10       10       63       20       0
                text18                              E99      E99       57     1D32       0
                text17                              C25      C25       11     184A       0
                text16                                4        4        1        8       0
                text15                              F66      F66       9A     1ECC       0
                text14                              1F9      1F9       E6      3F2       0
                text13                              D24      D24       25     1A48       0
                text12                              C96      C96       23     192C       0
                text11                              DAD      DAD       4A     1B5A       0
                text10                              C1B      C1B        A     1836       0
                text9                               D70      D70       3D     1AE0       0
                text8                               CB9      CB9       23     1972       0
                text7                               C0C      C0C        7     1818       0
                text6                               E44      E44       55     1C88       0
                text5                               CDC      CDC       23     19B8       0
                text4                               C36      C36       14     186C       0
                text3                               C79      C79       1D     18F2       0
                text2                                 5        5        B        A       0
                text1                               C4A      C4A       16     1894       0
                maintext                            127      127       D2      24E       0
                cstackBANK0                          20       20       48       20       1
                cstackCOMMON                         70       70        E       70       1
                clrtext                             C13      C13        8     1826       0
                bssBANK1                             A0       A0       2D       A0       1
                bssBANK0                             68       68        8       20       1
                strings                             800      800        9     1000       0

TOTAL           Name                               Link     Load   Length     Space
        CLASS   CODE           
                end_init                              0        0        3         0
                cinit                               7EB      7EB       15         0
                text27                              2DF      2DF      1CA         0
                text26                              D49      D49       27         0
                text25                              4A9      4A9      342         0
                text24                              CFF      CFF       25         0
                text23                              EF0      EF0       76         0
                text22                               73       73       B4         0
                text21                              DF7      DF7       4D         0
                text20                              C60      C60       19         0
                text19                               10       10       63         0
                text18                              E99      E99       57         0
                text17                              C25      C25       11         0
                text16                                4        4        1         0
                text15                              F66      F66       9A         0
                text14                              1F9      1F9       E6         0
                text13                              D24      D24       25         0
                text12                              C96      C96       23         0
                text11                              DAD      DAD       4A         0
                text10                              C1B      C1B        A         0
                text9                               D70      D70       3D         0
                text8                               CB9      CB9       23         0
                text7                               C0C      C0C        7         0
                text6                               E44      E44       55         0
                text5                               CDC      CDC       23         0
                text4                               C36      C36       14         0
                text3                               C79      C79       1D         0
                text2                                 5        5        B         0
                text1                               C4A      C4A       16         0
                maintext                            127      127       D2         0
                clrtext                             C13      C13        8         0

        CLASS   STRCODE        

        CLASS   STRING         
                strings                             800      800        9         0

        CLASS   CONST          

        CLASS   ENTRY          

        CLASS   COMMON         
                cstackCOMMON                         70       70        E         1

        CLASS   BANK0          
                cstackBANK0                          20       20       48         1
                bssBANK0                             68       68        8         1

        CLASS   BANK1          
                bssBANK1                             A0       A0       2D         1

        CLASS   BANK2          

        CLASS   BANK3          

        CLASS   RAM            

        CLASS   ABS1           
                abs_s1                               7E       7E        2         1

        CLASS   SFR0           

        CLASS   SFR1           

        CLASS   SFR2           

        CLASS   SFR3           

        CLASS   CONFIG         

        CLASS   IDLOC          

        CLASS   EEDATA         

        CLASS   HEAP           

        CLASS   STACK          



SEGMENTS        Name                           Load    Length   Top    Selector   Space  Class     Delta

                text13                         000D24  000025  000D49      1A48       0  CODE        2
                text26                         000D49  000027  000D70      1A92       0  CODE        2
                text9                          000D70  00003D  000DAD      1AE0       0  CODE        2
                text8                          000CB9  000023  000CDC      1972       0  CODE        2
                text5                          000CDC  000023  000CFF      19B8       0  CODE        2
                text24                         000CFF  000025  000D24      19FE       0  CODE        2
                text18                         000E99  000057  000EF0      1D32       0  CODE        2
                text19                         000010  000063  000073        20       0  CODE        2
                text23                         000EF0  000076  000F66      1DE0       0  CODE        2
                text11                         000DAD  00004A  000DF7      1B5A       0  CODE        2
                text21                         000DF7  00004D  000E44      1BEE       0  CODE        2
                text6                          000E44  000055  000E99      1C88       0  CODE        2
                strings                        000800  000009  000809      1000       0  STRING      2
                text10                         000C1B  00000A  000C25      1836       0  CODE        2
                text2                          000005  00000B  000010         A       0  CODE        2
                text16                         000004  000001  000005         8       0  CODE        2
                text7                          000C0C  000007  000C13      1818       0  CODE        2
                clrtext                        000C13  000008  000C1B      1826       0  CODE        2
                text20                         000C60  000019  000C79      18C0       0  CODE        2
                text3                          000C79  00001D  000C96      18F2       0  CODE        2
                text12                         000C96  000023  000CB9      192C       0  CODE        2
                text17                         000C25  000011  000C36      184A       0  CODE        2
                text4                          000C36  000014  000C4A      186C       0  CODE        2
                text1                          000C4A  000016  000C60      1894       0  CODE        2
                text15                         000F66  00009A  001000      1ECC       0  CODE        2
                cstackBANK0                    000020  000050  000070        20       1  BANK0       1
                reset_vec                      000000  000003  000003         0       0  CODE        2
                cstackCOMMON                   000070  00000E  00007E        70       1  COMMON      1
                cinit                          0007EB  000015  000800       FD6       0  CODE        2
                text14                         0001F9  0000E6  0002DF       3F2       0  CODE        2
                maintext                       000127  0000D2  0001F9       24E       0  CODE        2
                text27                         0002DF  0001CA  0004A9       5BE       0  CODE        2
                text22                         000073  0000B4  000127        E6       0  CODE        2
                bssBANK1                       0000A0  00002D  0000CD        A0       1  BANK1       1
                text25                         0004A9  000342  0007EB       952       0  CODE        2


UNUSED ADDRESS RANGES

        Name                Unused          Largest block    Delta
        BANK1            00CD-00EF             23           1
        BANK2            0110-016F             60           1
        BANK3            0190-01EF             60           1
        CODE             0003-0003              1           2
                         0809-0C0B            403
                         1000-1FFF            800
        CONFIG           2007-2008              2           2
        CONST            0003-0003              1           2
                         0809-0C0B            100
                         1000-1FFF            100
        EEDATA           2100-21FF            100           2
        ENTRY            0003-0003              1           2
                         0809-0C0B            100
                         1000-1FFF            100
        IDLOC            2000-2003              4           2
        RAM              00CD-00EF             23           1
                         0110-016F             60
                         0190-01EF             60
        SFR0             0000-001F             20           1
        SFR1             0080-009F             20           1
        SFR2             0100-010F             10           1
        SFR3             0180-018F             10           1
        STRCODE          0003-0003              1           2
                         0809-0C0B            403
                         1000-1FFF           1000
        STRING           0003-0003              1           2
                         0809-0C0B            100
                         1000-1FFF            100

                                  Symbol Table

?__Umul8_16                          cstackCOMMON 0070
?___awdiv                            cstackCOMMON 0070
?___awmod                            cstackCOMMON 0070
?___fldiv                            cstackBANK0  003A
?___flmul                            cstackBANK0  0020
?___fltol                            cstackBANK0  0054
?___xxtofl                           cstackCOMMON 0070
?_abs                                cstackCOMMON 0076
?_adc_read                           cstackBANK0  005E
?_sprintf                            cstackBANK0  0031
?_vfprintf                           cstackBANK0  002D
_ADCON0                              (abs)        001F
_ADCON1                              (abs)        009F
_ADRESH                              (abs)        001E
_ADRESL                              (abs)        009E
_ANSEL                               (abs)        0188
_ANSELH                              (abs)        0189
_BRG16                               (abs)        0C3B
_BRGH                                (abs)        04C2
_CREN                                (abs)        00C4
_PORTDbits                           (abs)        0008
_RCIF                                (abs)        0065
_RCREG                               (abs)        001A
_RX9                                 (abs)        00C6
_SPBRG                               (abs)        0099
_SPEN                                (abs)        00C7
_SYNC                                (abs)        04C4
_TRISA0                              (abs)        0428
_TRISC6                              (abs)        043E
_TRISC7                              (abs)        043F
_TRISD0                              (abs)        0440
_TRISD1                              (abs)        0441
_TRISD2                              (abs)        0442
_TRISD3                              (abs)        0443
_TRISD4                              (abs)        0444
_TRISD5                              (abs)        0445
_TX9                                 (abs)        04C6
_TXEN                                (abs)        04C5
_TXIF                                (abs)        0064
_TXREG                               (abs)        0019
__H__absolute__                      __absolute__ 0000
__Habs1                              abs1         0000
__Hbank0                             bank0        0000
__Hbank1                             bank1        0000
__Hbank2                             bank2        0000
__Hbank3                             bank3        0000
__HbssBANK0                          bssBANK0     0000
__HbssBANK1                          bssBANK1     0000
__Hcinit                             cinit        0800
__Hclrtext                           clrtext      0000
__Hcode                              code         0000
__Hcommon                            common       0000
__HcstackBANK0                       cstackBANK0  0000
__HcstackCOMMON                      cstackCOMMON 0000
__Heeprom_data                       eeprom_data  0000
__Hend_init                          end_init     0003
__Hfunctab                           functab      0000
__Hheap                              heap         0000
__Hinit                              init         0000
__Hintentry                          intentry     0000
__Hmaintext                          maintext     0000
__Hpowerup                           powerup      0000
__Hram                               ram          0000
__Hreset_vec                         reset_vec    0000
__Hsfr0                              sfr0         0000
__Hsfr1                              sfr1         0000
__Hsfr2                              sfr2         0000
__Hsfr3                              sfr3         0000
__Hsivt                              sivt         0000
__Hspace_0                           (abs)        1000
__Hspace_1                           (abs)        00CD
__Hspace_2                           (abs)        0000
__Hspace_3                           (abs)        0000
__Hstack                             stack        0000
__Hstrings                           strings      0000
__Htext                              text         0000
__L__absolute__                      __absolute__ 0000
__Labs1                              abs1         0000
__Lbank0                             bank0        0000
__Lbank1                             bank1        0000
__Lbank2                             bank2        0000
__Lbank3                             bank3        0000
__LbssBANK0                          bssBANK0     0000
__LbssBANK1                          bssBANK1     0000
__Lcinit                             cinit        07EB
__Lclrtext                           clrtext      0000
__Lcode                              code         0000
__Lcommon                            common       0000
__LcstackBANK0                       cstackBANK0  0000
__LcstackCOMMON                      cstackCOMMON 0000
__Leeprom_data                       eeprom_data  0000
__Lend_init                          end_init     0000
__Lfunctab                           functab      0000
__Lheap                              heap         0000
__Linit                              init         0000
__Lintentry                          intentry     0000
__Lmaintext                          maintext     0000
__Lpowerup                           powerup      0000
__Lram                               ram          0000
__Lreset_vec                         reset_vec    0000
__Lsfr0                              sfr0         0000
__Lsfr1                              sfr1         0000
__Lsfr2                              sfr2         0000
__Lsfr3                              sfr3         0000
__Lsivt                              sivt         0000
__Lspace_0                           (abs)        0000
__Lspace_1                           (abs)        0000
__Lspace_2                           (abs)        0000
__Lspace_3                           (abs)        0000
__Lstack                             stack        0000
__Lstrings                           strings      0000
__Ltext                              text         0000
__S0                                 (abs)        1000
__S1                                 (abs)        00CD
__S3                                 (abs)        0000
__Umul8_16                           text26       0D49
__Umul8_16@multiplicand              cstackCOMMON 0070
__Umul8_16@multiplier                cstackCOMMON 0078
__Umul8_16@product                   cstackCOMMON 0074
__Umul8_16@word_mpld                 cstackCOMMON 0076
___awdiv                             text19       0010
___awdiv@counter                     cstackCOMMON 0074
___awdiv@dividend                    cstackCOMMON 0072
___awdiv@divisor                     cstackCOMMON 0070
___awdiv@quotient                    cstackCOMMON 0076
___awdiv@sign                        cstackCOMMON 0075
___awmod                             text18       0E99
___awmod@counter                     cstackCOMMON 0074
___awmod@dividend                    cstackCOMMON 0072
___awmod@divisor                     cstackCOMMON 0070
___awmod@sign                        cstackCOMMON 0075
___fldiv                             text27       02DF
___fldiv@a                           cstackBANK0  003A
___fldiv@aexp                        cstackBANK0  0053
___fldiv@b                           cstackBANK0  003E
___fldiv@bexp                        cstackBANK0  0052
___fldiv@grs                         cstackBANK0  004E
___fldiv@new_exp                     cstackBANK0  004C
___fldiv@rem                         cstackBANK0  0047
___fldiv@sign                        cstackBANK0  004B
___flmul                             text25       04A9
___flmul@a                           cstackBANK0  0024
___flmul@aexp                        cstackBANK0  0032
___flmul@b                           cstackBANK0  0020
___flmul@bexp                        cstackBANK0  0033
___flmul@grs                         cstackBANK0  002E
___flmul@prod                        cstackBANK0  0034
___flmul@sign                        cstackBANK0  002D
___flmul@temp                        cstackBANK0  0038
___fltol                             text23       0EF0
___fltol@exp1                        cstackBANK0  005D
___fltol@f1                          cstackBANK0  0054
___fltol@sign1                       cstackBANK0  005C
___heap_hi                           (abs)        0000
___heap_lo                           (abs)        0000
___int_sp                            stack        0000
___int_stack_hi                      stack        0000
___int_stack_lo                      stack        0000
___latbits                           (abs)        0002
___sp                                stack        0000
___stack_hi                          stack        0000
___stack_lo                          stack        0000
___stackhi                           (abs)        0000
___stacklo                           (abs)        0000
___xxtofl                            text22       0073
___xxtofl@arg                        cstackCOMMON 007A
___xxtofl@exp                        cstackCOMMON 0079
___xxtofl@sign                       cstackCOMMON 0078
___xxtofl@val                        cstackCOMMON 0070
__end_of__Umul8_16                   text26       0D70
__end_of___awdiv                     text19       0073
__end_of___awmod                     text18       0EF0
__end_of___fldiv                     text27       04A9
__end_of___flmul                     text25       07EB
__end_of___fltol                     text23       0F66
__end_of___xxtofl                    text22       0127
__end_of__initialization             cinit        07FC
__end_of__stringtab                  strings      0806
__end_of_abs                         text17       0C36
__end_of_adc_initialize              text24       0D24
__end_of_adc_read                    text21       0E44
__end_of_convert_uint16_to_string    text11       0DF7
__end_of_fputc                       text15       1000
__end_of_lcd_4bit_clear              text7        0C13
__end_of_lcd_4bit_intialize          text6        0E99
__end_of_lcd_4bit_send_char_data     text5        0CFF
__end_of_lcd_4bit_send_command       text8        0CDC
__end_of_lcd_4bit_send_enable_signal text10       0C25
__end_of_lcd_4bit_send_string        text4        0C4A
__end_of_lcd_4bit_set_cursor         text3        0C96
__end_of_lcd_send_4bits              text9        0DAD
__end_of_main                        maintext     01F9
__end_of_memset                      text20       0C79
__end_of_putch                       text16       0005
__end_of_sprintf                     text12       0CB9
__end_of_uart_send                   text2        0010
__end_of_uart_tx_initialize          text1        0C60
__end_of_vfpfcnvrt                   text14       02DF
__end_of_vfprintf                    text13       0D49
__initialization                     cinit        07EB
__pbssBANK0                          bssBANK0     0068
__pbssBANK1                          bssBANK1     00A0
__pcstackBANK0                       cstackBANK0  0020
__pcstackCOMMON                      cstackCOMMON 0070
__pmaintext                          maintext     0127
__pstrings                           strings      0800
__ptext1                             text1        0C4A
__ptext10                            text10       0C1B
__ptext11                            text11       0DAD
__ptext12                            text12       0C96
__ptext13                            text13       0D24
__ptext14                            text14       01F9
__ptext15                            text15       0F66
__ptext16                            text16       0004
__ptext17                            text17       0C25
__ptext18                            text18       0E99
__ptext19                            text19       0010
__ptext2                             text2        0005
__ptext20                            text20       0C60
__ptext21                            text21       0DF7
__ptext22                            text22       0073
__ptext23                            text23       0EF0
__ptext24                            text24       0CFF
__ptext25                            text25       04A9
__ptext26                            text26       0D49
__ptext27                            text27       02DF
__ptext3                             text3        0C79
__ptext4                             text4        0C36
__ptext5                             text5        0CDC
__ptext6                             text6        0E44
__ptext7                             text7        0C0C
__ptext8                             text8        0CB9
__ptext9                             text9        0D70
__stringbase                         strings      0805
__stringtab                          strings      0800
_abs                                 text17       0C25
_adc_conversion_result               bssBANK0     006C
_adc_initialize                      text24       0CFF
_adc_output                          bssBANK0     006F
_adc_read                            text21       0DF7
_adc_res_real_txt                    bssBANK1     00C6
_convert_uint16_to_string            text11       0DAD
_dbuf                                bssBANK1     00A0
_flags                               bssBANK0     006E
_fputc                               text15       0F66
_lcd_4bit_clear                      text7        0C0C
_lcd_4bit_intialize                  text6        0E44
_lcd_4bit_send_char_data             text5        0CDC
_lcd_4bit_send_command               text8        0CB9
_lcd_4bit_send_enable_signal         text10       0C1B
_lcd_4bit_send_string                text4        0C36
_lcd_4bit_set_cursor                 text3        0C79
_lcd_send_4bits                      text9        0D70
_main                                maintext     0127
_memset                              text20       0C60
_prec                                bssBANK0     006A
_putch                               text16       0004
_sprintf                             text12       0C96
_uart_send                           text2        0005
_uart_tx_initialize                  text1        0C4A
_vfpfcnvrt                           text14       01F9
_vfprintf                            text13       0D24
_width                               bssBANK0     0068
abs@a                                cstackCOMMON 0076
adc_read@_adc_conversion_result      cstackBANK0  0062
btemp                                (abs)        007E
clear_ram0                           clrtext      0C13
convert_uint16_to_string@DataCounter cstackBANK0  004D
convert_uint16_to_string@Temp_String cstackBANK0  0047
convert_uint16_to_string@str         cstackBANK0  0044
convert_uint16_to_string@value       cstackBANK0  0042
end_of_initialization                cinit        07FC
fputc@c                              cstackCOMMON 0070
fputc@fp                             cstackCOMMON 0072
intlevel0                            functab      0000
intlevel1                            functab      0000
intlevel2                            functab      0000
intlevel3                            functab      0000
intlevel4                            functab      0000
intlevel5                            functab      0000
lcd_4bit_send_char_data@data         cstackCOMMON 0074
lcd_4bit_send_command@command        cstackCOMMON 0074
lcd_4bit_send_string@str             cstackCOMMON 0075
lcd_4bit_set_cursor@coulmn           cstackCOMMON 0075
lcd_4bit_set_cursor@row              cstackCOMMON 0076
lcd_send_4bits@_data_command         cstackCOMMON 0072
memset@c                             cstackCOMMON 0071
memset@dest                          cstackCOMMON 0070
memset@n                             cstackCOMMON 0073
memset@p                             cstackCOMMON 0075
reset_vec                            reset_vec    0000
sprintf@ap                           cstackBANK0  0036
sprintf@f                            cstackBANK0  0037
sprintf@fmt                          cstackBANK0  0032
sprintf@s                            cstackBANK0  0031
start                                init         0000
start_initialization                 cinit        07EB
uart_send@value                      cstackCOMMON 0070
vfpfcnvrt@ap                         cstackBANK0  0023
vfpfcnvrt@c                          cstackBANK0  002C
vfpfcnvrt@convarg                    cstackBANK0  0028
vfpfcnvrt@cp                         cstackBANK0  0027
vfpfcnvrt@done                       cstackBANK0  0026
vfpfcnvrt@fmt                        cstackBANK0  0022
vfpfcnvrt@fp                         cstackBANK0  0020
vfprintf@ap                          cstackBANK0  0030
vfprintf@cfmt                        cstackCOMMON 007D
vfprintf@fmt                         cstackBANK0  002F
vfprintf@fp                          cstackBANK0  002D
wtemp0                               (abs)        007E


MODULE INFORMATION

Module		Function		Class		Link	Load	Size
/Applications/microchip/xc8/v3.00/pic/sources/c99/common/doprnt.c
		_vfpfcnvrt     		CODE           	01F9	0000	230
		_vfprintf      		CODE           	0D24	0000	37

/Applications/microchip/xc8/v3.00/pic/sources/c99/common/doprnt.c estimated size: 267

/Applications/microchip/xc8/v3.00/pic/sources/c99/common/putch.c
		_putch         		CODE           	0004	0000	1

/Applications/microchip/xc8/v3.00/pic/sources/c99/common/putch.c estimated size: 1

/Applications/microchip/xc8/v3.00/pic/sources/c99/common/sprcmul.c
		___flmul       		CODE           	04A9	0000	834

/Applications/microchip/xc8/v3.00/pic/sources/c99/common/sprcmul.c estimated size: 834

/Applications/microchip/xc8/v3.00/pic/sources/c99/common/sprcdiv.c
		___fldiv       		CODE           	02DF	0000	458

/Applications/microchip/xc8/v3.00/pic/sources/c99/common/sprcdiv.c estimated size: 458

/Applications/microchip/xc8/v3.00/pic/sources/c99/common/awmod.c
		___awmod       		CODE           	0E99	0000	87

/Applications/microchip/xc8/v3.00/pic/sources/c99/common/awmod.c estimated size: 87

/Applications/microchip/xc8/v3.00/pic/sources/c99/common/nf_fputc.c
		_fputc         		CODE           	0F66	0000	154

/Applications/microchip/xc8/v3.00/pic/sources/c99/common/nf_fputc.c estimated size: 154

/Applications/microchip/xc8/v3.00/pic/sources/c99/common/fltol.c
		___fltol       		CODE           	0EF0	0000	118

/Applications/microchip/xc8/v3.00/pic/sources/c99/common/fltol.c estimated size: 118

/Applications/microchip/xc8/v3.00/pic/sources/c99/common/xxtofl.c
		___xxtofl      		CODE           	0073	0000	180

/Applications/microchip/xc8/v3.00/pic/sources/c99/common/xxtofl.c estimated size: 180

shared
		__stringtab    		STRING         	0800	0000	6
		__initialization		CODE           	07EB	0000	17

shared estimated size: 23

/Applications/microchip/xc8/v3.00/pic/sources/c99/common/abs.c
		_abs           		CODE           	0C25	0000	17

/Applications/microchip/xc8/v3.00/pic/sources/c99/common/abs.c estimated size: 17

/Applications/microchip/xc8/v3.00/pic/sources/c99/common/awdiv.c
		___awdiv       		CODE           	0010	0000	99

/Applications/microchip/xc8/v3.00/pic/sources/c99/common/awdiv.c estimated size: 99

/Applications/microchip/xc8/v3.00/pic/sources/c99/common/memset.c
		_memset        		CODE           	0C60	0000	25

/Applications/microchip/xc8/v3.00/pic/sources/c99/common/memset.c estimated size: 25

main.c
		_lcd_4bit_clear		CODE           	0C0C	0000	7
		_adc_initialize		CODE           	0CFF	0000	37
		_lcd_4bit_send_command		CODE           	0CB9	0000	35
		_main          		CODE           	0127	0000	210
		_lcd_4bit_send_char_data		CODE           	0CDC	0000	35
		_lcd_send_4bits		CODE           	0D70	0000	61
		_lcd_4bit_intialize		CODE           	0E44	0000	85
		_convert_uint16_to_string		CODE           	0DAD	0000	74
		_lcd_4bit_set_cursor		CODE           	0C79	0000	29
		_lcd_4bit_send_enable_signal		CODE           	0C1B	0000	10
		_uart_send     		CODE           	0005	0000	11
		_uart_tx_initialize		CODE           	0C4A	0000	22
		_adc_read      		CODE           	0DF7	0000	77
		_lcd_4bit_send_string		CODE           	0C36	0000	20

main.c estimated size: 713

/Applications/microchip/xc8/v3.00/pic/sources/c99/common/nf_sprintf.c
		_sprintf       		CODE           	0C96	0000	35

/Applications/microchip/xc8/v3.00/pic/sources/c99/common/nf_sprintf.c estimated size: 35

/Applications/microchip/xc8/v3.00/pic/sources/c99/common/Umul8_16.c
		__Umul8_16     		CODE           	0D49	0000	39

/Applications/microchip/xc8/v3.00/pic/sources/c99/common/Umul8_16.c estimated size: 39

